[ 2026-08-22 00:37:37,271 ] 1025 httpx - INFO - HTTP Request: GET https://dagshub.com/api/v1/user "HTTP/1.1 200 OK"
[ 2026-08-22 00:37:37,280 ] 107 dagshub - INFO - Accessing as byou-cmu-F26
[ 2026-08-22 00:37:39,861 ] 1025 httpx - INFO - HTTP Request: GET https://dagshub.com/api/v1/repos/byou-cmu-F26/networksecurity "HTTP/1.1 200 OK"
[ 2026-08-22 00:37:42,666 ] 1025 httpx - INFO - HTTP Request: GET https://dagshub.com/api/v1/user "HTTP/1.1 200 OK"
[ 2026-08-22 00:37:42,671 ] 107 dagshub - INFO - Initialized MLflow to track repo "byou-cmu-F26/networksecurity"
[ 2026-08-22 00:37:42,671 ] 107 dagshub - INFO - Repository byou-cmu-F26/networksecurity initialized!
[ 2026-08-22 00:37:42,671 ] 20 root - INFO - Initiate the data ingestion
[ 2026-08-22 00:37:50,411 ] 88 root - INFO - Performed train test split on the dataframe
[ 2026-08-22 00:37:50,411 ] 90 root - INFO - Exited split_data_as_train_test method of Data_Ingestion class
[ 2026-08-22 00:37:50,411 ] 102 root - INFO - Exporting train and test file path.
[ 2026-08-22 00:37:50,412 ] 115 root - INFO - Exported train and test file path.
[ 2026-08-22 00:37:50,412 ] 22 root - INFO - Data Initiation Completed
[ 2026-08-22 00:37:50,417 ] 28 root - INFO - Initiate the data Validation
[ 2026-08-22 00:37:50,420 ] 33 root - INFO - Required number of columns:31
[ 2026-08-22 00:37:50,420 ] 34 root - INFO - Data frame has columns:31
[ 2026-08-22 00:37:50,420 ] 33 root - INFO - Required number of columns:31
[ 2026-08-22 00:37:50,420 ] 34 root - INFO - Data frame has columns:31
[ 2026-08-22 00:37:50,435 ] 30 root - INFO - data Validation Completed
[ 2026-08-22 00:37:50,435 ] 35 root - INFO - data Transformation started
[ 2026-08-22 00:37:50,435 ] 63 root - INFO - Entered initiate_data_transformation method of DataTransformation class
[ 2026-08-22 00:37:50,435 ] 65 root - INFO - Starting data transformation
[ 2026-08-22 00:37:50,437 ] 48 root - INFO - Entered get_data_trnasformer_object method of Trnasformation class
[ 2026-08-22 00:37:50,437 ] 53 root - INFO - Initialise KNNImputer with {'missing_values': nan, 'n_neighbors': 3, 'weights': 'uniform'}
[ 2026-08-22 00:37:50,439 ] 46 root - INFO - Entered the save_object method of MainUtils class
[ 2026-08-22 00:37:50,440 ] 50 root - INFO - Exited the save_object method of MainUtils class
[ 2026-08-22 00:37:50,440 ] 46 root - INFO - Entered the save_object method of MainUtils class
[ 2026-08-22 00:37:50,440 ] 50 root - INFO - Exited the save_object method of MainUtils class
[ 2026-08-22 00:37:50,441 ] 39 root - INFO - data Transformation completed
[ 2026-08-22 00:37:50,441 ] 41 root - INFO - Model Training stared
[ 2026-08-22 00:39:08,885 ] 46 root - INFO - Entered the save_object method of MainUtils class
[ 2026-08-22 00:39:08,887 ] 50 root - INFO - Exited the save_object method of MainUtils class
[ 2026-08-22 00:39:08,887 ] 46 root - INFO - Entered the save_object method of MainUtils class
[ 2026-08-22 00:39:08,888 ] 50 root - INFO - Exited the save_object method of MainUtils class
[ 2026-08-22 00:39:08,888 ] 133 root - INFO - Model trainer artifact: ModelTrainerArtifact(trained_model_file_path='Artifacts/08_22_2026_00_37_42/model_trainer/trained_model/model.pkl', train_metric_artifact=ClassificationMetricArtifact(f1_score=1.0, precision_score=1.0, recall_score=1.0), test_metric_artifact=ClassificationMetricArtifact(f1_score=0.9230769230769231, precision_score=1.0, recall_score=0.8571428571428571))
[ 2026-08-22 00:39:08,888 ] 46 root - INFO - Model Training artifact created
